Archive member included because of file (symbol)

c:/program files (x86)/gnu tools arm embedded/4.7 2013q3/bin/../lib/gcc/arm-none-eabi/4.7.4/../../../../arm-none-eabi/lib/armv7e-m\libg.a(lib_a-strlen.o)
                              ..\obj\main.o (strlen)

Allocating common symbols
Common symbol       size              file

temp                0x2               ..\obj\main.o
buf                 0x8               ..\obj\main.o

Discarded input sections

 .text          0x00000000        0x0 ..\obj\i2c.o
 .data          0x00000000        0x0 ..\obj\i2c.o
 .bss           0x00000000        0x0 ..\obj\i2c.o
 .text.I2C_timeout.isra.0
                0x00000000       0x18 ..\obj\i2c.o
 .text.I2C_write.constprop.2
                0x00000000       0x30 ..\obj\i2c.o
 .text.I2C_restart.constprop.4
                0x00000000       0x74 ..\obj\i2c.o
 .text.I2C_start.constprop.3
                0x00000000       0x34 ..\obj\i2c.o
 .text.I2C_ReadTransfer
                0x00000000       0xd0 ..\obj\i2c.o
 .text.I2C_WriteTransfer
                0x00000000       0x68 ..\obj\i2c.o
 .text          0x00000000        0x0 ..\obj\startup_stm32f4xx.o
 .data          0x00000000        0x0 ..\obj\startup_stm32f4xx.o
 .bss           0x00000000        0x0 ..\obj\startup_stm32f4xx.o
 .text          0x00000000        0x0 ..\obj\main.o
 .data          0x00000000        0x4 ..\obj\main.o
 .bss           0x00000000        0x0 ..\obj\main.o
 .text.store_to_eeprom
                0x00000000       0x3c ..\obj\main.o
 .text.write_rtc
                0x00000000       0x30 ..\obj\main.o
 .text.read_from_eeprom
                0x00000000       0x22 ..\obj\main.o
 .text.read_rtc
                0x00000000       0x1e ..\obj\main.o
 .rodata.str1.1
                0x00000000       0x1f ..\obj\main.o
 COMMON         0x00000000        0xa ..\obj\main.o
 .text          0x00000000        0x0 ..\obj\stm32f4xx_rcc.o
 .bss           0x00000000        0x0 ..\obj\stm32f4xx_rcc.o
 .text.RCC_DeInit
                0x00000000       0x34 ..\obj\stm32f4xx_rcc.o
 .text.RCC_HSEConfig
                0x00000000       0x10 ..\obj\stm32f4xx_rcc.o
 .text.RCC_AdjustHSICalibrationValue
                0x00000000       0x14 ..\obj\stm32f4xx_rcc.o
 .text.RCC_HSICmd
                0x00000000        0xc ..\obj\stm32f4xx_rcc.o
 .text.RCC_LSEConfig
                0x00000000       0x20 ..\obj\stm32f4xx_rcc.o
 .text.RCC_LSICmd
                0x00000000        0xc ..\obj\stm32f4xx_rcc.o
 .text.RCC_PLLConfig
                0x00000000       0x20 ..\obj\stm32f4xx_rcc.o
 .text.RCC_PLLCmd
                0x00000000        0xc ..\obj\stm32f4xx_rcc.o
 .text.RCC_PLLI2SConfig
                0x00000000       0x14 ..\obj\stm32f4xx_rcc.o
 .text.RCC_PLLI2SCmd
                0x00000000        0xc ..\obj\stm32f4xx_rcc.o
 .text.RCC_ClockSecuritySystemCmd
                0x00000000        0xc ..\obj\stm32f4xx_rcc.o
 .text.RCC_MCO1Config
                0x00000000       0x14 ..\obj\stm32f4xx_rcc.o
 .text.RCC_MCO2Config
                0x00000000       0x14 ..\obj\stm32f4xx_rcc.o
 .text.RCC_SYSCLKConfig
                0x00000000       0x14 ..\obj\stm32f4xx_rcc.o
 .text.RCC_GetSYSCLKSource
                0x00000000       0x10 ..\obj\stm32f4xx_rcc.o
 .text.RCC_HCLKConfig
                0x00000000       0x14 ..\obj\stm32f4xx_rcc.o
 .text.RCC_PCLK1Config
                0x00000000       0x14 ..\obj\stm32f4xx_rcc.o
 .text.RCC_PCLK2Config
                0x00000000       0x14 ..\obj\stm32f4xx_rcc.o
 .text.RCC_RTCCLKConfig
                0x00000000       0x30 ..\obj\stm32f4xx_rcc.o
 .text.RCC_RTCCLKCmd
                0x00000000        0xc ..\obj\stm32f4xx_rcc.o
 .text.RCC_BackupResetCmd
                0x00000000        0xc ..\obj\stm32f4xx_rcc.o
 .text.RCC_I2SCLKConfig
                0x00000000        0xc ..\obj\stm32f4xx_rcc.o
 .text.RCC_AHB2PeriphClockCmd
                0x00000000       0x18 ..\obj\stm32f4xx_rcc.o
 .text.RCC_AHB3PeriphClockCmd
                0x00000000       0x18 ..\obj\stm32f4xx_rcc.o
 .text.RCC_APB2PeriphClockCmd
                0x00000000       0x18 ..\obj\stm32f4xx_rcc.o
 .text.RCC_AHB1PeriphResetCmd
                0x00000000       0x18 ..\obj\stm32f4xx_rcc.o
 .text.RCC_AHB2PeriphResetCmd
                0x00000000       0x18 ..\obj\stm32f4xx_rcc.o
 .text.RCC_AHB3PeriphResetCmd
                0x00000000       0x18 ..\obj\stm32f4xx_rcc.o
 .text.RCC_APB1PeriphResetCmd
                0x00000000       0x18 ..\obj\stm32f4xx_rcc.o
 .text.RCC_APB2PeriphResetCmd
                0x00000000       0x18 ..\obj\stm32f4xx_rcc.o
 .text.RCC_AHB1PeriphClockLPModeCmd
                0x00000000       0x18 ..\obj\stm32f4xx_rcc.o
 .text.RCC_AHB2PeriphClockLPModeCmd
                0x00000000       0x18 ..\obj\stm32f4xx_rcc.o
 .text.RCC_AHB3PeriphClockLPModeCmd
                0x00000000       0x18 ..\obj\stm32f4xx_rcc.o
 .text.RCC_APB1PeriphClockLPModeCmd
                0x00000000       0x18 ..\obj\stm32f4xx_rcc.o
 .text.RCC_APB2PeriphClockLPModeCmd
                0x00000000       0x18 ..\obj\stm32f4xx_rcc.o
 .text.RCC_ITConfig
                0x00000000       0x18 ..\obj\stm32f4xx_rcc.o
 .text.RCC_GetFlagStatus
                0x00000000       0x28 ..\obj\stm32f4xx_rcc.o
 .text.RCC_WaitForHSEStartUp
                0x00000000       0x2c ..\obj\stm32f4xx_rcc.o
 .text.RCC_ClearFlag
                0x00000000       0x10 ..\obj\stm32f4xx_rcc.o
 .text.RCC_GetITStatus
                0x00000000       0x14 ..\obj\stm32f4xx_rcc.o
 .text.RCC_ClearITPendingBit
                0x00000000        0xc ..\obj\stm32f4xx_rcc.o
 .text          0x00000000        0x0 ..\obj\stm32f4xx_gpio.o
 .data          0x00000000        0x0 ..\obj\stm32f4xx_gpio.o
 .bss           0x00000000        0x0 ..\obj\stm32f4xx_gpio.o
 .text.GPIO_DeInit
                0x00000000       0xd8 ..\obj\stm32f4xx_gpio.o
 .text.GPIO_StructInit
                0x00000000       0x12 ..\obj\stm32f4xx_gpio.o
 .text.GPIO_PinLockConfig
                0x00000000       0x26 ..\obj\stm32f4xx_gpio.o
 .text.GPIO_ReadInputDataBit
                0x00000000        0xc ..\obj\stm32f4xx_gpio.o
 .text.GPIO_ReadInputData
                0x00000000        0x6 ..\obj\stm32f4xx_gpio.o
 .text.GPIO_ReadOutputDataBit
                0x00000000        0xc ..\obj\stm32f4xx_gpio.o
 .text.GPIO_ReadOutputData
                0x00000000        0x6 ..\obj\stm32f4xx_gpio.o
 .text.GPIO_ResetBits
                0x00000000        0x4 ..\obj\stm32f4xx_gpio.o
 .text.GPIO_WriteBit
                0x00000000        0xa ..\obj\stm32f4xx_gpio.o
 .text.GPIO_Write
                0x00000000        0x4 ..\obj\stm32f4xx_gpio.o
 .text.GPIO_ToggleBits
                0x00000000        0x8 ..\obj\stm32f4xx_gpio.o
 .text          0x00000000        0x0 ..\obj\system_stm32f4xx.o
 .data          0x00000000       0x14 ..\obj\system_stm32f4xx.o
 .bss           0x00000000        0x0 ..\obj\system_stm32f4xx.o
 .text.SystemCoreClockUpdate
                0x00000000       0x74 ..\obj\system_stm32f4xx.o
 .text          0x00000000        0x0 ..\obj\stm32f4xx_i2c.o
 .data          0x00000000        0x0 ..\obj\stm32f4xx_i2c.o
 .bss           0x00000000        0x0 ..\obj\stm32f4xx_i2c.o
 .text.I2C_DeInit
                0x00000000       0x5c ..\obj\stm32f4xx_i2c.o
 .text.I2C_StructInit
                0x00000000       0x1c ..\obj\stm32f4xx_i2c.o
 .text.I2C_OwnAddress2Config
                0x00000000       0x14 ..\obj\stm32f4xx_i2c.o
 .text.I2C_DualAddressCmd
                0x00000000       0x18 ..\obj\stm32f4xx_i2c.o
 .text.I2C_GeneralCallCmd
                0x00000000       0x18 ..\obj\stm32f4xx_i2c.o
 .text.I2C_SoftwareResetCmd
                0x00000000       0x18 ..\obj\stm32f4xx_i2c.o
 .text.I2C_StretchClockCmd
                0x00000000       0x18 ..\obj\stm32f4xx_i2c.o
 .text.I2C_FastModeDutyCycleConfig
                0x00000000       0x1c ..\obj\stm32f4xx_i2c.o
 .text.I2C_NACKPositionConfig
                0x00000000       0x1c ..\obj\stm32f4xx_i2c.o
 .text.I2C_SMBusAlertConfig
                0x00000000       0x1c ..\obj\stm32f4xx_i2c.o
 .text.I2C_ARPCmd
                0x00000000       0x18 ..\obj\stm32f4xx_i2c.o
 .text.I2C_SendData
                0x00000000        0x4 ..\obj\stm32f4xx_i2c.o
 .text.I2C_ReceiveData
                0x00000000        0x6 ..\obj\stm32f4xx_i2c.o
 .text.I2C_TransmitPEC
                0x00000000       0x18 ..\obj\stm32f4xx_i2c.o
 .text.I2C_PECPositionConfig
                0x00000000       0x1c ..\obj\stm32f4xx_i2c.o
 .text.I2C_CalculatePEC
                0x00000000       0x18 ..\obj\stm32f4xx_i2c.o
 .text.I2C_GetPEC
                0x00000000        0x8 ..\obj\stm32f4xx_i2c.o
 .text.I2C_DMACmd
                0x00000000       0x18 ..\obj\stm32f4xx_i2c.o
 .text.I2C_DMALastTransferCmd
                0x00000000       0x18 ..\obj\stm32f4xx_i2c.o
 .text.I2C_ReadRegister
                0x00000000       0x18 ..\obj\stm32f4xx_i2c.o
 .text.I2C_ITConfig
                0x00000000       0x12 ..\obj\stm32f4xx_i2c.o
 .text.I2C_ClearFlag
                0x00000000        0x8 ..\obj\stm32f4xx_i2c.o
 .text.I2C_GetITStatus
                0x00000000       0x1e ..\obj\stm32f4xx_i2c.o
 .text.I2C_ClearITPendingBit
                0x00000000        0x8 ..\obj\stm32f4xx_i2c.o
 .text          0x00000000        0x0 ..\obj\misc.o
 .data          0x00000000        0x0 ..\obj\misc.o
 .bss           0x00000000        0x0 ..\obj\misc.o
 .text.NVIC_PriorityGroupConfig
                0x00000000       0x14 ..\obj\misc.o
 .text.NVIC_Init
                0x00000000       0x6c ..\obj\misc.o
 .text.NVIC_SetVectorTable
                0x00000000       0x14 ..\obj\misc.o
 .text.NVIC_SystemLPConfig
                0x00000000       0x18 ..\obj\misc.o
 .text.SysTick_CLKSourceConfig
                0x00000000       0x18 ..\obj\misc.o
 .debug_info    0x00000000      0x593 ..\obj\misc.o
 .debug_abbrev  0x00000000      0x138 ..\obj\misc.o
 .debug_loc     0x00000000      0x18c ..\obj\misc.o
 .debug_aranges
                0x00000000       0x40 ..\obj\misc.o
 .debug_ranges  0x00000000       0x30 ..\obj\misc.o
 .debug_line    0x00000000      0x2c8 ..\obj\misc.o
 .debug_str     0x00000000      0x3a7 ..\obj\misc.o
 .comment       0x00000000       0x71 ..\obj\misc.o
 .ARM.attributes
                0x00000000       0x33 ..\obj\misc.o
 .debug_frame   0x00000000       0x60 ..\obj\misc.o
 .text          0x00000000        0x0 c:/program files (x86)/gnu tools arm embedded/4.7 2013q3/bin/../lib/gcc/arm-none-eabi/4.7.4/../../../../arm-none-eabi/lib/armv7e-m\libg.a(lib_a-strlen.o)
 .data          0x00000000        0x0 c:/program files (x86)/gnu tools arm embedded/4.7 2013q3/bin/../lib/gcc/arm-none-eabi/4.7.4/../../../../arm-none-eabi/lib/armv7e-m\libg.a(lib_a-strlen.o)
 .bss           0x00000000        0x0 c:/program files (x86)/gnu tools arm embedded/4.7 2013q3/bin/../lib/gcc/arm-none-eabi/4.7.4/../../../../arm-none-eabi/lib/armv7e-m\libg.a(lib_a-strlen.o)
 .text.strlen   0x00000000       0x60 c:/program files (x86)/gnu tools arm embedded/4.7 2013q3/bin/../lib/gcc/arm-none-eabi/4.7.4/../../../../arm-none-eabi/lib/armv7e-m\libg.a(lib_a-strlen.o)
 .ARM.attributes
                0x00000000       0x2e c:/program files (x86)/gnu tools arm embedded/4.7 2013q3/bin/../lib/gcc/arm-none-eabi/4.7.4/../../../../arm-none-eabi/lib/armv7e-m\libg.a(lib_a-strlen.o)
 .debug_frame   0x00000000       0x20 c:/program files (x86)/gnu tools arm embedded/4.7 2013q3/bin/../lib/gcc/arm-none-eabi/4.7.4/../../../../arm-none-eabi/lib/armv7e-m\libg.a(lib_a-strlen.o)

Memory Configuration

Name             Origin             Length             Attributes
rom              0x08000000         0x00100000         xr
ram              0x20000000         0x00020000         xrw
ram1             0x10000000         0x00010000         xrw
*default*        0x00000000         0xffffffff

Linker script and memory map

                0x20020000                _eram = 0x20020000

.text           0x08000000      0x794
 *(.isr_vector .isr_vector.*)
 .isr_vector    0x08000000      0x188 ..\obj\startup_stm32f4xx.o
                0x08000000                g_pfnVectors
 *(.text .text.* .gnu.linkonce.t.*)
 .text.I2C_BusInit
                0x08000188       0x94 ..\obj\i2c.o
                0x08000188                I2C_BusInit
 .text.I2C_CheckDevice
                0x0800021c       0x9c ..\obj\i2c.o
                0x0800021c                I2C_CheckDevice
 .text.I2C1_EV_IRQHandler
                0x080002b8        0xc ..\obj\i2c.o
                0x080002b8                I2C1_EV_IRQHandler
 .text.I2C2_EV_IRQHandler
                0x080002c4        0xc ..\obj\i2c.o
                0x080002c4                I2C2_EV_IRQHandler
 .text.Default_Handler
                0x080002d0        0x2 ..\obj\startup_stm32f4xx.o
                0x080002d0                RTC_Alarm_IRQHandler
                0x080002d0                HASH_RNG_IRQHandler
                0x080002d0                EXTI2_IRQHandler
                0x080002d0                TIM8_CC_IRQHandler
                0x080002d0                DebugMon_Handler
                0x080002d0                TIM1_CC_IRQHandler
                0x080002d0                DMA2_Stream5_IRQHandler
                0x080002d0                HardFault_Handler
                0x080002d0                DMA1_Stream5_IRQHandler
                0x080002d0                SysTick_Handler
                0x080002d0                PVD_IRQHandler
                0x080002d0                SDIO_IRQHandler
                0x080002d0                TAMP_STAMP_IRQHandler
                0x080002d0                PendSV_Handler
                0x080002d0                NMI_Handler
                0x080002d0                CAN2_RX1_IRQHandler
                0x080002d0                EXTI3_IRQHandler
                0x080002d0                TIM8_TRG_COM_TIM14_IRQHandler
                0x080002d0                TIM1_UP_TIM10_IRQHandler
                0x080002d0                TIM8_UP_TIM13_IRQHandler
                0x080002d0                I2C3_ER_IRQHandler
                0x080002d0                EXTI0_IRQHandler
                0x080002d0                DMA1_Stream2_IRQHandler
                0x080002d0                CAN1_RX0_IRQHandler
                0x080002d0                FPU_IRQHandler
                0x080002d0                OTG_HS_WKUP_IRQHandler
                0x080002d0                UsageFault_Handler
                0x080002d0                CAN2_SCE_IRQHandler
                0x080002d0                DMA2_Stream2_IRQHandler
                0x080002d0                SPI1_IRQHandler
                0x080002d0                TIM6_DAC_IRQHandler
                0x080002d0                TIM1_BRK_TIM9_IRQHandler
                0x080002d0                DCMI_IRQHandler
                0x080002d0                CAN2_RX0_IRQHandler
                0x080002d0                DMA2_Stream3_IRQHandler
                0x080002d0                USART6_IRQHandler
                0x080002d0                USART3_IRQHandler
                0x080002d0                CRYP_IRQHandler
                0x080002d0                CAN1_RX1_IRQHandler
                0x080002d0                UART5_IRQHandler
                0x080002d0                DMA2_Stream0_IRQHandler
                0x080002d0                TIM4_IRQHandler
                0x080002d0                DMA1_Stream6_IRQHandler
                0x080002d0                DMA1_Stream1_IRQHandler
                0x080002d0                UART4_IRQHandler
                0x080002d0                TIM3_IRQHandler
                0x080002d0                RCC_IRQHandler
                0x080002d0                TIM8_BRK_TIM12_IRQHandler
                0x080002d0                EXTI15_10_IRQHandler
                0x080002d0                ADC_IRQHandler
                0x080002d0                DMA1_Stream7_IRQHandler
                0x080002d0                TIM7_IRQHandler
                0x080002d0                CAN2_TX_IRQHandler
                0x080002d0                TIM5_IRQHandler
                0x080002d0                DMA2_Stream7_IRQHandler
                0x080002d0                I2C3_EV_IRQHandler
                0x080002d0                EXTI9_5_IRQHandler
                0x080002d0                RTC_WKUP_IRQHandler
                0x080002d0                ETH_WKUP_IRQHandler
                0x080002d0                SPI2_IRQHandler
                0x080002d0                OTG_HS_EP1_IN_IRQHandler
                0x080002d0                MemManage_Handler
                0x080002d0                DMA1_Stream0_IRQHandler
                0x080002d0                CAN1_TX_IRQHandler
                0x080002d0                SVC_Handler
                0x080002d0                EXTI4_IRQHandler
                0x080002d0                FSMC_IRQHandler
                0x080002d0                ETH_IRQHandler
                0x080002d0                OTG_HS_EP1_OUT_IRQHandler
                0x080002d0                WWDG_IRQHandler
                0x080002d0                TIM2_IRQHandler
                0x080002d0                OTG_FS_WKUP_IRQHandler
                0x080002d0                TIM1_TRG_COM_TIM11_IRQHandler
                0x080002d0                OTG_HS_IRQHandler
                0x080002d0                EXTI1_IRQHandler
                0x080002d0                USART2_IRQHandler
                0x080002d0                I2C2_ER_IRQHandler
                0x080002d0                DMA2_Stream1_IRQHandler
                0x080002d0                CAN1_SCE_IRQHandler
                0x080002d0                FLASH_IRQHandler
                0x080002d0                DMA2_Stream4_IRQHandler
                0x080002d0                BusFault_Handler
                0x080002d0                USART1_IRQHandler
                0x080002d0                OTG_FS_IRQHandler
                0x080002d0                SPI3_IRQHandler
                0x080002d0                DMA1_Stream4_IRQHandler
                0x080002d0                I2C1_ER_IRQHandler
                0x080002d0                DMA2_Stream6_IRQHandler
                0x080002d0                DMA1_Stream3_IRQHandler
 *fill*         0x080002d2        0x2 00
 .text.Default_Reset_Handler
                0x080002d4       0x5c ..\obj\startup_stm32f4xx.o
                0x080002d4                Default_Reset_Handler
                0x080002d4                Reset_Handler
 .text.LED_Init
                0x08000330       0x34 ..\obj\main.o
                0x08000330                LED_Init
 .text.startup.main
                0x08000364       0x30 ..\obj\main.o
                0x08000364                main
 .text.RCC_GetClocksFreq
                0x08000394       0x8c ..\obj\stm32f4xx_rcc.o
                0x08000394                RCC_GetClocksFreq
 .text.RCC_AHB1PeriphClockCmd
                0x08000420       0x18 ..\obj\stm32f4xx_rcc.o
                0x08000420                RCC_AHB1PeriphClockCmd
 .text.RCC_APB1PeriphClockCmd
                0x08000438       0x18 ..\obj\stm32f4xx_rcc.o
                0x08000438                RCC_APB1PeriphClockCmd
 .text.GPIO_Init
                0x08000450       0x86 ..\obj\stm32f4xx_gpio.o
                0x08000450                GPIO_Init
 .text.GPIO_SetBits
                0x080004d6        0x4 ..\obj\stm32f4xx_gpio.o
                0x080004d6                GPIO_SetBits
 .text.GPIO_PinAFConfig
                0x080004da       0x2e ..\obj\stm32f4xx_gpio.o
                0x080004da                GPIO_PinAFConfig
 .text.SystemInit
                0x08000508       0xec ..\obj\system_stm32f4xx.o
                0x08000508                SystemInit
 .text.I2C_Init
                0x080005f4       0xd4 ..\obj\stm32f4xx_i2c.o
                0x080005f4                I2C_Init
 .text.I2C_Cmd  0x080006c8       0x18 ..\obj\stm32f4xx_i2c.o
                0x080006c8                I2C_Cmd
 .text.I2C_GenerateSTART
                0x080006e0       0x18 ..\obj\stm32f4xx_i2c.o
                0x080006e0                I2C_GenerateSTART
 .text.I2C_GenerateSTOP
                0x080006f8       0x18 ..\obj\stm32f4xx_i2c.o
                0x080006f8                I2C_GenerateSTOP
 .text.I2C_Send7bitAddress
                0x08000710       0x10 ..\obj\stm32f4xx_i2c.o
                0x08000710                I2C_Send7bitAddress
 .text.I2C_AcknowledgeConfig
                0x08000720       0x18 ..\obj\stm32f4xx_i2c.o
                0x08000720                I2C_AcknowledgeConfig
 .text.I2C_CheckEvent
                0x08000738       0x18 ..\obj\stm32f4xx_i2c.o
                0x08000738                I2C_CheckEvent
 .text.I2C_GetLastEvent
                0x08000750       0x10 ..\obj\stm32f4xx_i2c.o
                0x08000750                I2C_GetLastEvent
 .text.I2C_GetFlagStatus
                0x08000760       0x34 ..\obj\stm32f4xx_i2c.o
                0x08000760                I2C_GetFlagStatus
 *(.glue_7t)
 .glue_7t       0x00000000        0x0 linker stubs
 *(.glue_7)
 .glue_7        0x00000000        0x0 linker stubs
 *(.rodata .rodata* .gnu.linkonce.r.*)

.vfp11_veneer   0x08000794        0x0
 .vfp11_veneer  0x00000000        0x0 linker stubs

.v4_bx          0x08000794        0x0
 .v4_bx         0x00000000        0x0 linker stubs

.iplt           0x08000794        0x0
 .iplt          0x00000000        0x0 ..\obj\i2c.o

.rel.dyn        0x08000794        0x0
 .rel.iplt      0x00000000        0x0 ..\obj\i2c.o

.ARM.extab
 *(.ARM.extab* .gnu.linkonce.armextab.*)
                0x08000794                __exidx_start = .

.ARM.exidx
 *(.ARM.exidx* .gnu.linkonce.armexidx.*)
                0x08000794                __exidx_end = .
                0x08000794                . = ALIGN (0x4)
                0x08000794                _etext = .
                0x08000794                _sidata = .

.data           0x20000000       0x10 load address 0x08000794
                0x20000000                _sdata = .
 *(.data .data.*)
 .data          0x20000000       0x10 ..\obj\stm32f4xx_rcc.o
                0x20000010                . = ALIGN (0x4)
                0x20000010                _edata = .

.igot.plt       0x20000010        0x0 load address 0x080007a4
 .igot.plt      0x00000000        0x0 ..\obj\i2c.o

.bss            0x20000010        0x0
                0x20000010                _sbss = .
 *(.bss .bss.*)
 *(COMMON)
                0x20000010                . = ALIGN (0x4)
                0x20000010                _ebss = .

.co_stack       0x20000010     0x8000 load address 0x080007a4
                0x20000010                . = ALIGN (0x8)
 *(.co_stack .co_stack.*)
 .co_stack      0x20000010     0x8000 ..\obj\startup_stm32f4xx.o
                0x20000010                pulStack
                0x20008010                . = ALIGN (0x4)
                0x20008010                _end = .
LOAD ..\obj\i2c.o
LOAD ..\obj\startup_stm32f4xx.o
LOAD ..\obj\main.o
LOAD ..\obj\stm32f4xx_rcc.o
LOAD ..\obj\stm32f4xx_gpio.o
LOAD ..\obj\system_stm32f4xx.o
LOAD ..\obj\stm32f4xx_i2c.o
LOAD ..\obj\misc.o
LOAD c:/program files (x86)/gnu tools arm embedded/4.7 2013q3/bin/../lib/gcc/arm-none-eabi/4.7.4/../../../../arm-none-eabi/lib/armv7e-m\libm.a
START GROUP
LOAD c:/program files (x86)/gnu tools arm embedded/4.7 2013q3/bin/../lib/gcc/arm-none-eabi/4.7.4/armv7e-m\libgcc.a
LOAD c:/program files (x86)/gnu tools arm embedded/4.7 2013q3/bin/../lib/gcc/arm-none-eabi/4.7.4/../../../../arm-none-eabi/lib/armv7e-m\libg.a
LOAD c:/program files (x86)/gnu tools arm embedded/4.7 2013q3/bin/../lib/gcc/arm-none-eabi/4.7.4/../../../../arm-none-eabi/lib/armv7e-m\libc.a
END GROUP
OUTPUT(STM32F4_Discovery.elf elf32-littlearm)

.debug_info     0x00000000     0x3f92
 .debug_info    0x00000000     0x102a ..\obj\i2c.o
 .debug_info    0x0000102a      0x12e ..\obj\startup_stm32f4xx.o
 .debug_info    0x00001158      0x730 ..\obj\main.o
 .debug_info    0x00001888      0xd61 ..\obj\stm32f4xx_rcc.o
 .debug_info    0x000025e9      0x747 ..\obj\stm32f4xx_gpio.o
 .debug_info    0x00002d30      0x614 ..\obj\system_stm32f4xx.o
 .debug_info    0x00003344      0xc4e ..\obj\stm32f4xx_i2c.o

.debug_abbrev   0x00000000      0xdaf
 .debug_abbrev  0x00000000      0x318 ..\obj\i2c.o
 .debug_abbrev  0x00000318       0xf8 ..\obj\startup_stm32f4xx.o
 .debug_abbrev  0x00000410      0x206 ..\obj\main.o
 .debug_abbrev  0x00000616      0x232 ..\obj\stm32f4xx_rcc.o
 .debug_abbrev  0x00000848      0x21c ..\obj\stm32f4xx_gpio.o
 .debug_abbrev  0x00000a64      0x15f ..\obj\system_stm32f4xx.o
 .debug_abbrev  0x00000bc3      0x1ec ..\obj\stm32f4xx_i2c.o

.debug_loc      0x00000000     0x23cf
 .debug_loc     0x00000000      0x639 ..\obj\i2c.o
 .debug_loc     0x00000639       0x20 ..\obj\startup_stm32f4xx.o
 .debug_loc     0x00000659      0x17a ..\obj\main.o
 .debug_loc     0x000007d3      0xadf ..\obj\stm32f4xx_rcc.o
 .debug_loc     0x000012b2      0x414 ..\obj\stm32f4xx_gpio.o
 .debug_loc     0x000016c6      0x148 ..\obj\system_stm32f4xx.o
 .debug_loc     0x0000180e      0xbc1 ..\obj\stm32f4xx_i2c.o

.debug_aranges  0x00000000      0x420
 .debug_aranges
                0x00000000       0x68 ..\obj\i2c.o
 .debug_aranges
                0x00000068       0x28 ..\obj\startup_stm32f4xx.o
 .debug_aranges
                0x00000090       0x48 ..\obj\main.o
 .debug_aranges
                0x000000d8      0x178 ..\obj\stm32f4xx_rcc.o
 .debug_aranges
                0x00000250       0x88 ..\obj\stm32f4xx_gpio.o
 .debug_aranges
                0x000002d8       0x28 ..\obj\system_stm32f4xx.o
 .debug_aranges
                0x00000300      0x120 ..\obj\stm32f4xx_i2c.o

.debug_ranges   0x00000000      0x440
 .debug_ranges  0x00000000       0xb8 ..\obj\i2c.o
 .debug_ranges  0x000000b8       0x18 ..\obj\startup_stm32f4xx.o
 .debug_ranges  0x000000d0       0x38 ..\obj\main.o
 .debug_ranges  0x00000108      0x168 ..\obj\stm32f4xx_rcc.o
 .debug_ranges  0x00000270       0x78 ..\obj\stm32f4xx_gpio.o
 .debug_ranges  0x000002e8       0x48 ..\obj\system_stm32f4xx.o
 .debug_ranges  0x00000330      0x110 ..\obj\stm32f4xx_i2c.o

.debug_line     0x00000000     0x1a20
 .debug_line    0x00000000      0x45d ..\obj\i2c.o
 .debug_line    0x0000045d       0xdc ..\obj\startup_stm32f4xx.o
 .debug_line    0x00000539      0x389 ..\obj\main.o
 .debug_line    0x000008c2      0x606 ..\obj\stm32f4xx_rcc.o
 .debug_line    0x00000ec8      0x3d5 ..\obj\stm32f4xx_gpio.o
 .debug_line    0x0000129d      0x203 ..\obj\system_stm32f4xx.o
 .debug_line    0x000014a0      0x580 ..\obj\stm32f4xx_i2c.o

.debug_str      0x00000000     0x14c6
 .debug_str     0x00000000      0x6ad ..\obj\i2c.o
                                0x717 (size before relaxing)
 .debug_str     0x000006ad       0xeb ..\obj\startup_stm32f4xx.o
                                0x14f (size before relaxing)
 .debug_str     0x00000798      0x156 ..\obj\main.o
                                0x4fd (size before relaxing)
 .debug_str     0x000008ee      0x632 ..\obj\stm32f4xx_rcc.o
                                0x81e (size before relaxing)
 .debug_str     0x00000f20      0x1a1 ..\obj\stm32f4xx_gpio.o
                                0x498 (size before relaxing)
 .debug_str     0x000010c1      0x138 ..\obj\system_stm32f4xx.o
                                0x378 (size before relaxing)
 .debug_str     0x000011f9      0x2cd ..\obj\stm32f4xx_i2c.o
                                0x65c (size before relaxing)

.comment        0x00000000       0x70
 .comment       0x00000000       0x70 ..\obj\i2c.o
                                 0x71 (size before relaxing)
 .comment       0x00000000       0x71 ..\obj\startup_stm32f4xx.o
 .comment       0x00000000       0x71 ..\obj\main.o
 .comment       0x00000000       0x71 ..\obj\stm32f4xx_rcc.o
 .comment       0x00000000       0x71 ..\obj\stm32f4xx_gpio.o
 .comment       0x00000000       0x71 ..\obj\system_stm32f4xx.o
 .comment       0x00000000       0x71 ..\obj\stm32f4xx_i2c.o

.ARM.attributes
                0x00000000       0x33
 .ARM.attributes
                0x00000000       0x33 ..\obj\i2c.o
 .ARM.attributes
                0x00000033       0x33 ..\obj\startup_stm32f4xx.o
 .ARM.attributes
                0x00000066       0x33 ..\obj\main.o
 .ARM.attributes
                0x00000099       0x33 ..\obj\stm32f4xx_rcc.o
 .ARM.attributes
                0x000000cc       0x33 ..\obj\stm32f4xx_gpio.o
 .ARM.attributes
                0x000000ff       0x33 ..\obj\system_stm32f4xx.o
 .ARM.attributes
                0x00000132       0x33 ..\obj\stm32f4xx_i2c.o

.debug_frame    0x00000000      0x888
 .debug_frame   0x00000000      0x11c ..\obj\i2c.o
 .debug_frame   0x0000011c       0x38 ..\obj\startup_stm32f4xx.o
 .debug_frame   0x00000154       0xbc ..\obj\main.o
 .debug_frame   0x00000210      0x2ec ..\obj\stm32f4xx_rcc.o
 .debug_frame   0x000004fc      0x118 ..\obj\stm32f4xx_gpio.o
 .debug_frame   0x00000614       0x34 ..\obj\system_stm32f4xx.o
 .debug_frame   0x00000648      0x240 ..\obj\stm32f4xx_i2c.o
